DEBUG    [log2] : Debug trace
DEBUG    [log2] : This trace should be displayed
